[INFO] Scanning for projects...
[INFO] 
[INFO] ------------------------< com.google:hospital >-------------------------
[INFO] Building hospital 0.0.1-SNAPSHOT
[INFO]   from pom.xml
[INFO] --------------------------------[ jar ]---------------------------------
[INFO] 
[INFO] --- resources:3.3.1:resources (default-resources) @ hospital ---
[INFO] Copying 2 resources from src\main\resources to target\classes
[INFO] Copying 1 resource from src\main\resources to target\classes
[INFO] 
[INFO] --- compiler:3.14.1:compile (default-compile) @ hospital ---
[INFO] Nothing to compile - all classes are up to date.
[INFO] 
[INFO] --- resources:3.3.1:testResources (default-testResources) @ hospital ---
[INFO] skip non existing resourceDirectory C:\Users\vishn\OneDrive\Desktop\google hosp t1\src\test\resources
[INFO] 
[INFO] --- compiler:3.14.1:testCompile (default-testCompile) @ hospital ---
[INFO] Recompiling the module because of changed source code.
[INFO] Compiling 3 source files with javac [debug parameters release 17] to target\test-classes
[INFO] -------------------------------------------------------------
[ERROR] COMPILATION ERROR : 
[INFO] -------------------------------------------------------------
[ERROR] /C:/Users/vishn/OneDrive/Desktop/google hosp t1/src/test/java/com/google/hospital/patient/controller/PatientControllerTest.java:[7,63] package org.springframework.boot.test.autoconfigure.web.servlet does not exist
[ERROR] /C:/Users/vishn/OneDrive/Desktop/google hosp t1/src/test/java/com/google/hospital/patient/controller/PatientControllerTest.java:[9,50] package org.springframework.boot.test.mock.mockito does not exist
[ERROR] /C:/Users/vishn/OneDrive/Desktop/google hosp t1/src/test/java/com/google/hospital/patient/controller/PatientControllerTest.java:[11,57] package org.springframework.security.test.context.support does not exist
[ERROR] /C:/Users/vishn/OneDrive/Desktop/google hosp t1/src/test/java/com/google/hospital/patient/controller/PatientControllerTest.java:[26,2] cannot find symbol
  symbol: class AutoConfigureMockMvc
[ERROR] /C:/Users/vishn/OneDrive/Desktop/google hosp t1/src/test/java/com/google/hospital/patient/controller/VisitControllerTest.java:[4,41] cannot find symbol
  symbol:   class VisitStatus
  location: package com.google.hospital.patient.enums
[ERROR] /C:/Users/vishn/OneDrive/Desktop/google hosp t1/src/test/java/com/google/hospital/patient/controller/VisitControllerTest.java:[8,63] package org.springframework.boot.test.autoconfigure.web.servlet does not exist
[ERROR] /C:/Users/vishn/OneDrive/Desktop/google hosp t1/src/test/java/com/google/hospital/patient/controller/VisitControllerTest.java:[10,50] package org.springframework.boot.test.mock.mockito does not exist
[ERROR] /C:/Users/vishn/OneDrive/Desktop/google hosp t1/src/test/java/com/google/hospital/patient/controller/VisitControllerTest.java:[12,57] package org.springframework.security.test.context.support does not exist
[ERROR] /C:/Users/vishn/OneDrive/Desktop/google hosp t1/src/test/java/com/google/hospital/patient/controller/VisitControllerTest.java:[25,2] cannot find symbol
  symbol: class AutoConfigureMockMvc
[ERROR] /C:/Users/vishn/OneDrive/Desktop/google hosp t1/src/test/java/com/google/hospital/patient/controller/PatientControllerTest.java:[32,6] cannot find symbol
  symbol:   class MockBean
  location: class com.google.hospital.patient.controller.PatientControllerTest
[ERROR] /C:/Users/vishn/OneDrive/Desktop/google hosp t1/src/test/java/com/google/hospital/patient/controller/PatientControllerTest.java:[37,6] cannot find symbol
  symbol:   class WithMockUser
  location: class com.google.hospital.patient.controller.PatientControllerTest
[ERROR] /C:/Users/vishn/OneDrive/Desktop/google hosp t1/src/test/java/com/google/hospital/patient/controller/PatientControllerTest.java:[69,6] cannot find symbol
  symbol:   class WithMockUser
  location: class com.google.hospital.patient.controller.PatientControllerTest
[ERROR] /C:/Users/vishn/OneDrive/Desktop/google hosp t1/src/test/java/com/google/hospital/patient/controller/VisitControllerTest.java:[31,6] cannot find symbol
  symbol:   class MockBean
  location: class com.google.hospital.patient.controller.VisitControllerTest
[ERROR] /C:/Users/vishn/OneDrive/Desktop/google hosp t1/src/test/java/com/google/hospital/patient/controller/VisitControllerTest.java:[36,6] cannot find symbol
  symbol:   class WithMockUser
  location: class com.google.hospital.patient.controller.VisitControllerTest
[INFO] 14 errors 
[INFO] -------------------------------------------------------------
[INFO] ------------------------------------------------------------------------
[INFO] BUILD FAILURE
[INFO] ------------------------------------------------------------------------
[INFO] Total time:  3.367 s
[INFO] Finished at: 2025-12-29T17:24:58+05:30
[INFO] ------------------------------------------------------------------------
[ERROR] Failed to execute goal org.apache.maven.plugins:maven-compiler-plugin:3.14.1:testCompile (default-testCompile) on project hospital: Compilation failure: Compilation failure: 
[ERROR] /C:/Users/vishn/OneDrive/Desktop/google hosp t1/src/test/java/com/google/hospital/patient/controller/PatientControllerTest.java:[7,63] package org.springframework.boot.test.autoconfigure.web.servlet does not exist
[ERROR] /C:/Users/vishn/OneDrive/Desktop/google hosp t1/src/test/java/com/google/hospital/patient/controller/PatientControllerTest.java:[9,50] package org.springframework.boot.test.mock.mockito does not exist
[ERROR] /C:/Users/vishn/OneDrive/Desktop/google hosp t1/src/test/java/com/google/hospital/patient/controller/PatientControllerTest.java:[11,57] package org.springframework.security.test.context.support does not exist
[ERROR] /C:/Users/vishn/OneDrive/Desktop/google hosp t1/src/test/java/com/google/hospital/patient/controller/PatientControllerTest.java:[26,2] cannot find symbol
[ERROR]   symbol: class AutoConfigureMockMvc
[ERROR] /C:/Users/vishn/OneDrive/Desktop/google hosp t1/src/test/java/com/google/hospital/patient/controller/VisitControllerTest.java:[4,41] cannot find symbol
[ERROR]   symbol:   class VisitStatus
[ERROR]   location: package com.google.hospital.patient.enums
[ERROR] /C:/Users/vishn/OneDrive/Desktop/google hosp t1/src/test/java/com/google/hospital/patient/controller/VisitControllerTest.java:[8,63] package org.springframework.boot.test.autoconfigure.web.servlet does not exist
[ERROR] /C:/Users/vishn/OneDrive/Desktop/google hosp t1/src/test/java/com/google/hospital/patient/controller/VisitControllerTest.java:[10,50] package org.springframework.boot.test.mock.mockito does not exist
[ERROR] /C:/Users/vishn/OneDrive/Desktop/google hosp t1/src/test/java/com/google/hospital/patient/controller/VisitControllerTest.java:[12,57] package org.springframework.security.test.context.support does not exist
[ERROR] /C:/Users/vishn/OneDrive/Desktop/google hosp t1/src/test/java/com/google/hospital/patient/controller/VisitControllerTest.java:[25,2] cannot find symbol
[ERROR]   symbol: class AutoConfigureMockMvc
[ERROR] /C:/Users/vishn/OneDrive/Desktop/google hosp t1/src/test/java/com/google/hospital/patient/controller/PatientControllerTest.java:[32,6] cannot find symbol
[ERROR]   symbol:   class MockBean
[ERROR]   location: class com.google.hospital.patient.controller.PatientControllerTest
[ERROR] /C:/Users/vishn/OneDrive/Desktop/google hosp t1/src/test/java/com/google/hospital/patient/controller/PatientControllerTest.java:[37,6] cannot find symbol
[ERROR]   symbol:   class WithMockUser
[ERROR]   location: class com.google.hospital.patient.controller.PatientControllerTest
[ERROR] /C:/Users/vishn/OneDrive/Desktop/google hosp t1/src/test/java/com/google/hospital/patient/controller/PatientControllerTest.java:[69,6] cannot find symbol
[ERROR]   symbol:   class WithMockUser
[ERROR]   location: class com.google.hospital.patient.controller.PatientControllerTest
[ERROR] /C:/Users/vishn/OneDrive/Desktop/google hosp t1/src/test/java/com/google/hospital/patient/controller/VisitControllerTest.java:[31,6] cannot find symbol
[ERROR]   symbol:   class MockBean
[ERROR]   location: class com.google.hospital.patient.controller.VisitControllerTest
[ERROR] /C:/Users/vishn/OneDrive/Desktop/google hosp t1/src/test/java/com/google/hospital/patient/controller/VisitControllerTest.java:[36,6] cannot find symbol
[ERROR]   symbol:   class WithMockUser
[ERROR]   location: class com.google.hospital.patient.controller.VisitControllerTest
[ERROR] -> [Help 1]
[ERROR] 
[ERROR] To see the full stack trace of the errors, re-run Maven with the -e switch.
[ERROR] Re-run Maven using the -X switch to enable full debug logging.
[ERROR] 
[ERROR] For more information about the errors and possible solutions, please read the following articles:
[ERROR] [Help 1] http://cwiki.apache.org/confluence/display/MAVEN/MojoFailureException
